// Jest Snapshot v1, https://goo.gl/fbAQLP

exports[`login  should render 1`] = `
Object {
  "asFragment": [Function],
  "baseElement": <body>
    <div>
      <div
        id="container"
      >
        <div
          id="container-img"
        >
          <img
            alt="logo BQ"
            src="Logo.png"
          />
        </div>
        <div
          id="container-form"
        >
          <form>
            <label
              class="label-1"
              for="inputEmail"
            >
              <span>
                E-mail:
              </span>
            </label>
            <br />
            <input
              class="input-1"
              id="inputEmail"
              type="email"
            />
            <br />
            <label
              class="label-2"
              for="inputPassword"
            >
              <span>
                Contraseña:
              </span>
            </label>
            <br />
            <input
              class="input-2"
              id="inputPassword"
              type="password"
            />
            <br />
            <button
              class="btn"
            >
              Iniciar Sesion
            </button>
          </form>
        </div>
      </div>
    </div>
  </body>,
  "container": <div>
    <div
      id="container"
    >
      <div
        id="container-img"
      >
        <img
          alt="logo BQ"
          src="Logo.png"
        />
      </div>
      <div
        id="container-form"
      >
        <form>
          <label
            class="label-1"
            for="inputEmail"
          >
            <span>
              E-mail:
            </span>
          </label>
          <br />
          <input
            class="input-1"
            id="inputEmail"
            type="email"
          />
          <br />
          <label
            class="label-2"
            for="inputPassword"
          >
            <span>
              Contraseña:
            </span>
          </label>
          <br />
          <input
            class="input-2"
            id="inputPassword"
            type="password"
          />
          <br />
          <button
            class="btn"
          >
            Iniciar Sesion
          </button>
        </form>
      </div>
    </div>
  </div>,
  "debug": [Function],
  "findAllByAltText": [Function],
  "findAllByDisplayValue": [Function],
  "findAllByLabelText": [Function],
  "findAllByPlaceholderText": [Function],
  "findAllByRole": [Function],
  "findAllByTestId": [Function],
  "findAllByText": [Function],
  "findAllByTitle": [Function],
  "findByAltText": [Function],
  "findByDisplayValue": [Function],
  "findByLabelText": [Function],
  "findByPlaceholderText": [Function],
  "findByRole": [Function],
  "findByTestId": [Function],
  "findByText": [Function],
  "findByTitle": [Function],
  "getAllByAltText": [Function],
  "getAllByDisplayValue": [Function],
  "getAllByLabelText": [Function],
  "getAllByPlaceholderText": [Function],
  "getAllByRole": [Function],
  "getAllByTestId": [Function],
  "getAllByText": [Function],
  "getAllByTitle": [Function],
  "getByAltText": [Function],
  "getByDisplayValue": [Function],
  "getByLabelText": [Function],
  "getByPlaceholderText": [Function],
  "getByRole": [Function],
  "getByTestId": [Function],
  "getByText": [Function],
  "getByTitle": [Function],
  "queryAllByAltText": [Function],
  "queryAllByDisplayValue": [Function],
  "queryAllByLabelText": [Function],
  "queryAllByPlaceholderText": [Function],
  "queryAllByRole": [Function],
  "queryAllByTestId": [Function],
  "queryAllByText": [Function],
  "queryAllByTitle": [Function],
  "queryByAltText": [Function],
  "queryByDisplayValue": [Function],
  "queryByLabelText": [Function],
  "queryByPlaceholderText": [Function],
  "queryByRole": [Function],
  "queryByTestId": [Function],
  "queryByText": [Function],
  "queryByTitle": [Function],
  "rerender": [Function],
  "unmount": [Function],
}
`;
